{
  "firstName": "fn",
  "middleName": "mn",
  "lastName": "ln",
  "categoryId": 2,
  "birthday": "2020-01-01",
  "email": "email",
  "notes": "notes"
}